// Jest Snapshot v1, https://goo.gl/fbAQLP

exports[`Date Component matches snapshot 1`] = `
<t
  allowSameDay={false}
  dateFormat="MMMM d, yyyy"
  dateFormatCalendar="LLLL yyyy"
  disabled={false}
  disabledKeyboardNavigation={false}
  dropdownMode="scroll"
  id="date-picker"
  inlineFocusSelectedMonth={false}
  monthsShown={1}
  nextMonthButtonLabel="Next Month"
  nextYearButtonLabel="Next Year"
  onBlur={[Function]}
  onCalendarClose={[Function]}
  onCalendarOpen={[Function]}
  onChange={[Function]}
  onClickOutside={[Function]}
  onFocus={[Function]}
  onInputClick={[Function]}
  onInputError={[Function]}
  onKeyDown={[Function]}
  onMonthChange={[Function]}
  onSelect={[Function]}
  onYearChange={[Function]}
  preventOpenOnFocus={false}
  previousMonthButtonLabel="Previous Month"
  previousYearButtonLabel="Previous Year"
  readOnly={false}
  renderDayContents={[Function]}
  shouldCloseOnSelect={true}
  showMonthYearPicker={false}
  showPopperArrow={true}
  showPreviousMonths={false}
  showQuarterYearPicker={false}
  showTimeInput={false}
  showTimeSelect={false}
  strictParsing={false}
  timeCaption="Time"
  timeInputLabel="Time"
  timeIntervals={30}
  withPortal={false}
/>
`;
